2026-10-03 16:35:31,593 - persistencia_api - INFO - Sistema de logging inicializado.
2026-10-03 16:35:34,133 - persistencia_api - INFO - Endpoint raiz acessado.
2026-10-03 16:37:01,181 - persistencia_api - INFO - Foto cadastrada: id=4, nome=Design sem nome (1).jpg
2026-10-03 16:44:40,635 - persistencia_api - INFO - Sistema de logging inicializado.
2026-10-03 16:46:27,820 - persistencia_api - INFO - Sistema de logging inicializado.
2026-10-03 16:47:31,877 - persistencia_api - INFO - Sistema de logging inicializado.
2026-10-03 16:47:34,621 - persistencia_api - INFO - Endpoint raiz acessado.
2026-10-03 16:48:27,638 - persistencia_api - INFO - Foto cadastrada: id=5, nome=download (1).jpg
2026-10-03 16:54:29,195 - persistencia_api - INFO - Sistema de logging inicializado.
2026-10-03 16:55:12,342 - persistencia_api - INFO - Sistema de logging inicializado.
2026-10-03 16:55:15,977 - persistencia_api - INFO - Endpoint raiz acessado.
2026-10-03 16:57:03,506 - persistencia_api - INFO - Foto cadastrada: id=1, nome=Design sem nome (1).jpg
2026-10-03 17:21:13,684 - persistencia_api - INFO - Sistema de logging inicializado.
2026-10-03 17:21:15,153 - persistencia_api - INFO - Endpoint raiz acessado.
2026-10-04 06:49:55,990 - persistencia_api - INFO - Sistema de logging inicializado.
2026-10-04 06:49:59,378 - persistencia_api - INFO - Endpoint raiz acessado.
2026-10-04 14:29:41,216 - persistencia_api - INFO - Sistema de logging inicializado.
2026-10-04 14:29:44,537 - persistencia_api - INFO - Endpoint raiz acessado.
2026-10-04 14:31:14,084 - persistencia_api - INFO - Foto cadastrada: id=1, nome=Design sem nome (1).jpg
2026-10-04 14:31:44,270 - persistencia_api - INFO - Foto cadastrada: id=2, nome=Design sem nome (1).jpg
2026-10-04 14:48:00,618 - persistencia_api - INFO - Foto cadastrada: id=1, nome=Design sem nome (1).jpg
2026-10-04 14:50:10,320 - persistencia_api - INFO - Sistema de logging inicializado.
2026-10-04 14:50:24,103 - persistencia_api - INFO - Sistema de logging inicializado.
2026-10-04 14:50:29,127 - persistencia_api - INFO - Foto cadastrada: id=2, nome=Design sem nome (1).jpg
2026-10-04 15:07:29,017 - persistencia_api - INFO - Sistema de logging inicializado.
2026-10-04 15:07:36,878 - persistencia_api - INFO - Endpoint raiz acessado.
2026-10-04 15:08:30,694 - persistencia_api - INFO - Metadados da foto atualizados: id=1
2026-10-04 15:18:19,048 - persistencia_api - INFO - Sistema de logging inicializado.
2026-10-04 15:18:27,444 - persistencia_api - INFO - Endpoint raiz acessado.
2026-10-04 15:23:41,138 - persistencia_api - INFO - Sistema de logging inicializado.
2026-10-04 15:49:45,032 - persistencia_api - INFO - Sistema de logging inicializado.
2026-10-04 15:49:54,670 - persistencia_api - INFO - Endpoint raiz acessado.
2026-10-04 16:12:02,274 - persistencia_api - INFO - Sistema de logging inicializado.
2026-10-04 16:13:11,695 - persistencia_api - INFO - Sistema de logging inicializado.
2026-10-04 16:13:19,472 - persistencia_api - INFO - Endpoint raiz acessado.
2026-10-04 16:47:15,612 - persistencia_api - INFO - Sistema de logging inicializado.
2026-10-04 16:47:35,413 - persistencia_api - INFO - Sistema de logging inicializado.
2026-10-04 16:48:10,174 - persistencia_api - INFO - Sistema de logging inicializado.
2026-10-04 16:48:38,072 - persistencia_api - INFO - Sistema de logging inicializado.
2026-10-04 16:48:40,655 - persistencia_api - INFO - Endpoint raiz acessado.
2026-10-04 16:49:34,811 - persistencia_api - INFO - Sistema de logging inicializado.
2026-10-04 16:49:54,642 - persistencia_api - INFO - Sistema de logging inicializado.
2026-10-04 16:50:04,147 - persistencia_api - INFO - Endpoint raiz acessado.
2026-10-04 16:58:50,624 - persistencia_api - INFO - Sistema de logging inicializado.
2026-10-04 16:58:56,220 - persistencia_api - INFO - Sistema de logging inicializado.
2026-10-04 16:58:58,927 - persistencia_api - INFO - Sistema de logging inicializado.
2026-10-04 16:59:08,485 - persistencia_api - INFO - Sistema de logging inicializado.
2026-10-04 16:59:36,158 - persistencia_api - INFO - Sistema de logging inicializado.
2026-10-04 16:59:43,306 - persistencia_api - INFO - Endpoint raiz acessado.
2026-10-04 17:04:24,183 - persistencia_api - INFO - Sistema de logging inicializado.
2026-10-04 17:04:34,554 - persistencia_api - INFO - Sistema de logging inicializado.
2026-10-04 17:04:46,948 - persistencia_api - INFO - Endpoint raiz acessado.
2026-10-05 12:15:55,844 - persistencia_api - INFO - Sistema de logging inicializado.
2026-10-05 12:16:02,319 - persistencia_api - INFO - Endpoint raiz acessado.
2026-10-05 12:16:31,466 - persistencia_api - INFO - Metadados da foto removidos: id=1
2026-10-05 12:16:40,300 - persistencia_api - INFO - Metadados da foto removidos: id=2
2026-10-05 13:19:38,336 - persistencia_api - INFO - Sistema de logging inicializado.
2026-10-05 14:39:29,795 - persistencia_api - INFO - Sistema de logging inicializado.
2026-10-05 14:39:31,960 - persistencia_api - INFO - Endpoint raiz acessado.
2026-10-05 14:41:20,562 - persistencia_api - INFO - Foto cadastrada: id=1, nome=Palestra A desimportância como lupa.jpg
2026-10-05 14:45:19,529 - persistencia_api - INFO - Sistema de logging inicializado.
2026-10-05 14:45:44,886 - persistencia_api - INFO - Sistema de logging inicializado.
2026-10-05 14:46:04,893 - persistencia_api - INFO - Endpoint raiz acessado.
2026-10-05 14:47:05,983 - persistencia_api - INFO - Foto cadastrada: id=1, nome=Palestra O jogo como método de criação artística e acadêmica.jpg
2026-10-05 14:47:38,482 - persistencia_api - INFO - Metadados da foto removidos: id=1
2026-10-05 15:00:51,313 - persistencia_api - INFO - Sistema de logging inicializado.
2026-10-05 15:01:01,922 - persistencia_api - INFO - Sistema de logging inicializado.
2026-10-05 15:01:08,656 - persistencia_api - INFO - Endpoint raiz acessado.
2026-10-05 15:02:48,453 - persistencia_api - INFO - Foto cadastrada: id=1, nome=Palestra Engenharia Semiótica e o campo das TIC e TDICS.jpg
2026-10-05 15:03:14,221 - persistencia_api - INFO - Foto e metadados removidos: id=1
